// Jest Snapshot v1, https://goo.gl/fbAQLP

exports[`Home should render 1`] = `
<div
  className="wrapper undefined"
>
  <h1
    className="title"
  >
    FrontStand My site
  </h1>
  <button
    onClick={[Function]}
  >
    Click for change title
  </button>
  <button
    onClick={[Function]}
  >
    Click for change 
    <u>
      description
    </u>
  </button>
  <div
    className="buttonsColor"
  >
    <button
      onClick={[Function]}
    >
      Click for change background on red
    </button>
    <button
      onClick={[Function]}
    >
      Click for change background on green
    </button>
    <button
      onClick={[Function]}
    >
      Click for change background on yellow
    </button>
    <button
      onClick={[Function]}
    >
      Click for change background on braun
    </button>
    <button
      onClick={[Function]}
    >
      Click for change background on pink
    </button>
  </div>
  <h3>
    Not description text
  </h3>
</div>
`;
