// Jest Snapshot v1, https://goo.gl/fbAQLP

exports[`Home should render 1`] = `
<div
  className="wrapper"
>
  <h1
    className="title"
  >
    FrontStand My site
  </h1>
  <button
    onClick={[Function]}
  >
    Click for change title
  </button>
  <button
    onClick={[Function]}
  >
    Click for change 
    <u>
      description
    </u>
  </button>
  <h3>
    Not description text
  </h3>
</div>
`;
